**********************************************************************
* Exports the board to HyperLynx Signal-Integrity Transfer Format (.HYP)
* Version 2.00 9/11/97 -- 4.15 12/03/2012
*
* EAGLE Version 7.6.0 Copyright (c) 1988-2016 CadSoft
*
* HyperLynx Board exported from:
* /home/radioactive/opt/Projects/bpf_915/bpf_915.brd
* At 9/16/18 7:32 PM
*
* Schematic is loaded.
*
*
**********************************************************************
* Auto Mapped Reference File for ICs and Us
*
